// Jest Snapshot v1, https://goo.gl/fbAQLP

exports[`<App /> should match the snapshot 1`] = `
ShallowWrapper {
  "length": 1,
  Symbol(enzyme.__root__): [Circular],
  Symbol(enzyme.__unrendered__): <App />,
  Symbol(enzyme.__renderer__): Object {
    "batchedUpdates": [Function],
    "getNode": [Function],
    "render": [Function],
    "simulateEvent": [Function],
    "unmount": [Function],
  },
  Symbol(enzyme.__node__): Object {
    "instance": null,
    "key": null,
    "nodeType": "host",
    "props": Object {
      "children": Array [
        <h1>
          Starwars Character Search
</h1>,
        <CharacterSearch
          handleFetchCharacters={[Function]}
          handleNameUpdate={[Function]}
          name=""
/>,
        <CharacterDetails
          characters={Array []}
/>,
      ],
      "className": "App",
    },
    "ref": null,
    "rendered": Array [
      Object {
        "instance": null,
        "key": null,
        "nodeType": "host",
        "props": Object {
          "children": "Starwars Character Search",
        },
        "ref": null,
        "rendered": "Starwars Character Search",
        "type": "h1",
      },
      Object {
        "instance": null,
        "key": null,
        "nodeType": "function",
        "props": Object {
          "handleFetchCharacters": [Function],
          "handleNameUpdate": [Function],
          "name": "",
        },
        "ref": null,
        "rendered": null,
        "type": [Function],
      },
      Object {
        "instance": null,
        "key": null,
        "nodeType": "function",
        "props": Object {
          "characters": Array [],
        },
        "ref": null,
        "rendered": null,
        "type": [Function],
      },
    ],
    "type": "div",
  },
  Symbol(enzyme.__nodes__): Array [
    Object {
      "instance": null,
      "key": null,
      "nodeType": "host",
      "props": Object {
        "children": Array [
          <h1>
            Starwars Character Search
</h1>,
          <CharacterSearch
            handleFetchCharacters={[Function]}
            handleNameUpdate={[Function]}
            name=""
/>,
          <CharacterDetails
            characters={Array []}
/>,
        ],
        "className": "App",
      },
      "ref": null,
      "rendered": Array [
        Object {
          "instance": null,
          "key": null,
          "nodeType": "host",
          "props": Object {
            "children": "Starwars Character Search",
          },
          "ref": null,
          "rendered": "Starwars Character Search",
          "type": "h1",
        },
        Object {
          "instance": null,
          "key": null,
          "nodeType": "function",
          "props": Object {
            "handleFetchCharacters": [Function],
            "handleNameUpdate": [Function],
            "name": "",
          },
          "ref": null,
          "rendered": null,
          "type": [Function],
        },
        Object {
          "instance": null,
          "key": null,
          "nodeType": "function",
          "props": Object {
            "characters": Array [],
          },
          "ref": null,
          "rendered": null,
          "type": [Function],
        },
      ],
      "type": "div",
    },
  ],
  Symbol(enzyme.__options__): Object {
    "adapter": ReactSixteenAdapter {
      "options": Object {
        "enableComponentDidUpdateOnSetState": true,
      },
    },
  },
}
`;
