// Jest Snapshot v1, https://goo.gl/fbAQLP

exports[`<Character /> should match the snapshot 1`] = `
ShallowWrapper {
  "length": 1,
  Symbol(enzyme.__root__): [Circular],
  Symbol(enzyme.__unrendered__): <Character
    character={
        Object {
            "eye_color": "test",
            "hair_color": "test",
            "height": "test",
            "name": "test",
          }
    }
/>,
  Symbol(enzyme.__renderer__): Object {
    "batchedUpdates": [Function],
    "getNode": [Function],
    "render": [Function],
    "simulateEvent": [Function],
    "unmount": [Function],
  },
  Symbol(enzyme.__node__): Object {
    "instance": null,
    "key": null,
    "nodeType": "host",
    "props": Object {
      "children": Array [
        <dt>
          Name
</dt>,
        <dd>
          test
</dd>,
        <dt>
          Heigh
</dt>,
        <dd>
          test
</dd>,
        <dt>
          Hair Color
</dt>,
        <dd>
          test
</dd>,
        <dt>
          Eye Color
</dt>,
        <dd>
          test
</dd>,
      ],
    },
    "ref": null,
    "rendered": Array [
      Object {
        "instance": null,
        "key": null,
        "nodeType": "host",
        "props": Object {
          "children": "Name",
        },
        "ref": null,
        "rendered": "Name",
        "type": "dt",
      },
      Object {
        "instance": null,
        "key": null,
        "nodeType": "host",
        "props": Object {
          "children": "test",
        },
        "ref": null,
        "rendered": "test",
        "type": "dd",
      },
      Object {
        "instance": null,
        "key": null,
        "nodeType": "host",
        "props": Object {
          "children": "Heigh",
        },
        "ref": null,
        "rendered": "Heigh",
        "type": "dt",
      },
      Object {
        "instance": null,
        "key": null,
        "nodeType": "host",
        "props": Object {
          "children": "test",
        },
        "ref": null,
        "rendered": "test",
        "type": "dd",
      },
      Object {
        "instance": null,
        "key": null,
        "nodeType": "host",
        "props": Object {
          "children": "Hair Color",
        },
        "ref": null,
        "rendered": "Hair Color",
        "type": "dt",
      },
      Object {
        "instance": null,
        "key": null,
        "nodeType": "host",
        "props": Object {
          "children": "test",
        },
        "ref": null,
        "rendered": "test",
        "type": "dd",
      },
      Object {
        "instance": null,
        "key": null,
        "nodeType": "host",
        "props": Object {
          "children": "Eye Color",
        },
        "ref": null,
        "rendered": "Eye Color",
        "type": "dt",
      },
      Object {
        "instance": null,
        "key": null,
        "nodeType": "host",
        "props": Object {
          "children": "test",
        },
        "ref": null,
        "rendered": "test",
        "type": "dd",
      },
    ],
    "type": "dl",
  },
  Symbol(enzyme.__nodes__): Array [
    Object {
      "instance": null,
      "key": null,
      "nodeType": "host",
      "props": Object {
        "children": Array [
          <dt>
            Name
</dt>,
          <dd>
            test
</dd>,
          <dt>
            Heigh
</dt>,
          <dd>
            test
</dd>,
          <dt>
            Hair Color
</dt>,
          <dd>
            test
</dd>,
          <dt>
            Eye Color
</dt>,
          <dd>
            test
</dd>,
        ],
      },
      "ref": null,
      "rendered": Array [
        Object {
          "instance": null,
          "key": null,
          "nodeType": "host",
          "props": Object {
            "children": "Name",
          },
          "ref": null,
          "rendered": "Name",
          "type": "dt",
        },
        Object {
          "instance": null,
          "key": null,
          "nodeType": "host",
          "props": Object {
            "children": "test",
          },
          "ref": null,
          "rendered": "test",
          "type": "dd",
        },
        Object {
          "instance": null,
          "key": null,
          "nodeType": "host",
          "props": Object {
            "children": "Heigh",
          },
          "ref": null,
          "rendered": "Heigh",
          "type": "dt",
        },
        Object {
          "instance": null,
          "key": null,
          "nodeType": "host",
          "props": Object {
            "children": "test",
          },
          "ref": null,
          "rendered": "test",
          "type": "dd",
        },
        Object {
          "instance": null,
          "key": null,
          "nodeType": "host",
          "props": Object {
            "children": "Hair Color",
          },
          "ref": null,
          "rendered": "Hair Color",
          "type": "dt",
        },
        Object {
          "instance": null,
          "key": null,
          "nodeType": "host",
          "props": Object {
            "children": "test",
          },
          "ref": null,
          "rendered": "test",
          "type": "dd",
        },
        Object {
          "instance": null,
          "key": null,
          "nodeType": "host",
          "props": Object {
            "children": "Eye Color",
          },
          "ref": null,
          "rendered": "Eye Color",
          "type": "dt",
        },
        Object {
          "instance": null,
          "key": null,
          "nodeType": "host",
          "props": Object {
            "children": "test",
          },
          "ref": null,
          "rendered": "test",
          "type": "dd",
        },
      ],
      "type": "dl",
    },
  ],
  Symbol(enzyme.__options__): Object {
    "adapter": ReactSixteenAdapter {
      "options": Object {
        "enableComponentDidUpdateOnSetState": true,
      },
    },
  },
}
`;
