// Jest Snapshot v1, https://goo.gl/fbAQLP

exports[`<CharacterSearch /> should match the snapshot 1`] = `
ShallowWrapper {
  "length": 1,
  Symbol(enzyme.__root__): [Circular],
  Symbol(enzyme.__unrendered__): <CharacterSearch
    handleFetchCharacters={[Function]}
    handleNameUpdate={[Function]}
    name=""
/>,
  Symbol(enzyme.__renderer__): Object {
    "batchedUpdates": [Function],
    "getNode": [Function],
    "render": [Function],
    "simulateEvent": [Function],
    "unmount": [Function],
  },
  Symbol(enzyme.__node__): Object {
    "instance": null,
    "key": null,
    "nodeType": "host",
    "props": Object {
      "children": <form
        onSubmit={[Function]}
>
        <label>
                Search Starwars Character by Name:
                <input
                        name="name"
                        onChange={[Function]}
                        type="text"
                        value=""
                />
        </label>
        <button
                onClick={[Function]}
        >
                Search
        </button>
</form>,
    },
    "ref": null,
    "rendered": Object {
      "instance": null,
      "key": null,
      "nodeType": "host",
      "props": Object {
        "children": Array [
          <label>
            Search Starwars Character by Name:
            <input
                        name="name"
                        onChange={[Function]}
                        type="text"
                        value=""
            />
</label>,
          <button
            onClick={[Function]}
>
            Search
</button>,
        ],
        "onSubmit": [Function],
      },
      "ref": null,
      "rendered": Array [
        Object {
          "instance": null,
          "key": null,
          "nodeType": "host",
          "props": Object {
            "children": Array [
              "Search Starwars Character by Name:",
              <input
                name="name"
                onChange={[Function]}
                type="text"
                value=""
/>,
            ],
          },
          "ref": null,
          "rendered": Array [
            "Search Starwars Character by Name:",
            Object {
              "instance": null,
              "key": null,
              "nodeType": "host",
              "props": Object {
                "name": "name",
                "onChange": [Function],
                "type": "text",
                "value": "",
              },
              "ref": null,
              "rendered": null,
              "type": "input",
            },
          ],
          "type": "label",
        },
        Object {
          "instance": null,
          "key": null,
          "nodeType": "host",
          "props": Object {
            "children": "Search",
            "onClick": [Function],
          },
          "ref": null,
          "rendered": "Search",
          "type": "button",
        },
      ],
      "type": "form",
    },
    "type": "div",
  },
  Symbol(enzyme.__nodes__): Array [
    Object {
      "instance": null,
      "key": null,
      "nodeType": "host",
      "props": Object {
        "children": <form
          onSubmit={[Function]}
>
          <label>
                    Search Starwars Character by Name:
                    <input
                              name="name"
                              onChange={[Function]}
                              type="text"
                              value=""
                    />
          </label>
          <button
                    onClick={[Function]}
          >
                    Search
          </button>
</form>,
      },
      "ref": null,
      "rendered": Object {
        "instance": null,
        "key": null,
        "nodeType": "host",
        "props": Object {
          "children": Array [
            <label>
              Search Starwars Character by Name:
              <input
                            name="name"
                            onChange={[Function]}
                            type="text"
                            value=""
              />
</label>,
            <button
              onClick={[Function]}
>
              Search
</button>,
          ],
          "onSubmit": [Function],
        },
        "ref": null,
        "rendered": Array [
          Object {
            "instance": null,
            "key": null,
            "nodeType": "host",
            "props": Object {
              "children": Array [
                "Search Starwars Character by Name:",
                <input
                  name="name"
                  onChange={[Function]}
                  type="text"
                  value=""
/>,
              ],
            },
            "ref": null,
            "rendered": Array [
              "Search Starwars Character by Name:",
              Object {
                "instance": null,
                "key": null,
                "nodeType": "host",
                "props": Object {
                  "name": "name",
                  "onChange": [Function],
                  "type": "text",
                  "value": "",
                },
                "ref": null,
                "rendered": null,
                "type": "input",
              },
            ],
            "type": "label",
          },
          Object {
            "instance": null,
            "key": null,
            "nodeType": "host",
            "props": Object {
              "children": "Search",
              "onClick": [Function],
            },
            "ref": null,
            "rendered": "Search",
            "type": "button",
          },
        ],
        "type": "form",
      },
      "type": "div",
    },
  ],
  Symbol(enzyme.__options__): Object {
    "adapter": ReactSixteenAdapter {
      "options": Object {
        "enableComponentDidUpdateOnSetState": true,
      },
    },
  },
}
`;
